// Jest Snapshot v1, https://goo.gl/fbAQLP

exports[`iIt will render the buttons 1`] = `
<div
  className="main-frame"
>
  <h1>
    Math Magician
  </h1>
  <h2>
     Let us do some basic Mathematics Operations
  </h2>
  <div
    className="main"
  >
    <div
      className="calculator"
    >
      <div
        className="screen"
      >
        0
      </div>
      <div
        className="first row"
      >
        <button
          onClick={[Function]}
          type="button"
        >
          AC
        </button>
        <button
          onClick={[Function]}
          type="button"
        >
          +/-
        </button>
        <button
          onClick={[Function]}
          type="button"
        >
          %
        </button>
        <button
          className="buttoncolor"
          onClick={[Function]}
          type="button"
        >
          รท
        </button>
      </div>
      <div
        className="second row"
      >
        <button
          onClick={[Function]}
          type="button"
        >
          7
        </button>
        <button
          onClick={[Function]}
          type="button"
        >
          8
        </button>
        <button
          onClick={[Function]}
          type="button"
        >
          9
        </button>
        <button
          className="buttoncolor"
          onClick={[Function]}
          type="button"
        >
          x
        </button>
      </div>
      <div
        className="third row"
      >
        <button
          onClick={[Function]}
          type="button"
        >
          4
        </button>
        <button
          onClick={[Function]}
          type="button"
        >
          5
        </button>
        <button
          onClick={[Function]}
          type="button"
        >
          6
        </button>
        <button
          className="buttoncolor"
          onClick={[Function]}
          type="button"
        >
          -
        </button>
      </div>
      <div
        className="fourth row"
      >
        <button
          onClick={[Function]}
          type="button"
        >
          1
        </button>
        <button
          onClick={[Function]}
          type="button"
        >
          2
        </button>
        <button
          onClick={[Function]}
          type="button"
        >
          3
        </button>
        <button
          className="buttoncolor"
          onClick={[Function]}
          type="button"
        >
          +
        </button>
      </div>
      <div
        className="fifth row"
      >
        <button
          className="zero"
          onClick={[Function]}
          type="button"
        >
          0
        </button>
        <button
          onClick={[Function]}
          type="button"
        >
          .
        </button>
        <button
          className="buttoncolor"
          onClick={[Function]}
          type="button"
        >
          =
        </button>
      </div>
    </div>
  </div>
</div>
`;
