// Jest Snapshot v1, https://goo.gl/fbAQLP

exports[`Quotes page will be displayed properly 1`] = `[Function]`;
